# Snapshot report for `tests/test.cjs`

The actual snapshot is saved in `test.cjs.snap`.

Generated by [AVA](https://avajs.dev).

## test title

> Snapshot 1

    {
      foo: 'bar',
    }
