# Snapshot report for `tests/test.js`

The actual snapshot is saved in `test.js.snap`.

Generated by [AVA](https://avajs.dev).

## test title

> Snapshot 1

    {
      foo: 'bar',
    }
