// Jest Snapshot v1, https://goo.gl/fbAQLP

exports[`fails 1`] = `
Object {
  "foo": "bar",
}
`;

exports[`fails 2`] = `
Object {
  "foo": "bar",
}
`;

exports[`passes 1`] = `
Object {
  "foo": "bar",
}
`;
